root@proxmox2:~# pct set 101 -net0 name=eth0,bridge=vmbr0,ip=192.168.1.147/24,gw=192.168.1.1
pct set 101 -rootfs nfsproxmox:101/vm-101-disk-0.raw,size=2G
pct set 101 -nameserver 192.168.1.145
pct set 101 -cores 1
pct set 101 -swap 512

salida del comando

Formatting '/mnt/pve/nfsproxmox/images/101/vm-101-disk-0.raw', fmt=raw size=2147483648
mke2fs 1.44.5 (15-Dec-2018)
Creating filesystem with 524288 4k blocks and 131072 inodes
Filesystem UUID: efa65580-285f-4c11-a358-48618457cfca
Superblock backups stored on blocks: 
	32768, 98304, 163840, 229376, 294912

Allocating group tables:  0/16     done                            
Writing inode tables:  0/16     done                            
Creating journal (16384 blocks): done
Multiple mount protection is enabled with update interval 5 seconds.
Writing superblocks and filesystem accounting information:  0/16     done

extracting archive '/mnt/pve/nfsproxmox/template/cache/centos-7-default_20190926_amd64.tar.xz'
Total bytes read: 422809600 (404MiB, 27MiB/s)
Detected container architecture: amd64
Creating SSH host key 'ssh_host_rsa_key' - this may take some time ...
done: SHA256:kRa2EvDfuCCr1sCvWiesCagyZavwXuUmDidElKIi478 root@localhost
Creating SSH host key 'ssh_host_dsa_key' - this may take some time ...
done: SHA256:ekVDa80Q+uxvEfMSXux0S46LesgDGTePoUgcS/3KuiQ root@localhost
Creating SSH host key 'ssh_host_ecdsa_key' - this may take some time ...
done: SHA256:mk7y2H/nKvhhWHYDP9cKwuricMMYisUz+d9LBlCD8Os root@localhost
Creating SSH host key 'ssh_host_ed25519_key' - this may take some time ...
done: SHA256:AjQAs5YD7uTWfzmQFt1o4SjfPfdfOuMAm7B30H8tdVg root@localhost
TASK OK

migración

root@proxmox1:~# pct migrate 100 proxmox2
2019-11-08 21:16:03 starting migration of CT 100 to node 'proxmox2' (192.168.1.145)
2019-11-08 21:16:03 volume 'nfsproxmox:100/vm-100-disk-0.raw' is on shared storage 'nfsproxmox'
2019-11-08 21:16:03 start final cleanup
2019-11-08 21:16:05 migration finished successfully (duration 00:00:04)
root@proxmox1:~# 

comprobación
root@proxmox2:~# pct list
VMID       Status     Lock         Name                
101        stopped                 CT101               
root@proxmox2:~# pct list
VMID       Status     Lock         Name                
100        stopped                 CT100               
101        stopped                 CT101  
